[www.w3schools.com/html/default.html]
[backblue.gif]
[fade.gif]
[index.html]
[www.w3schools.com/w3css/4/w3.css]
[www.google-analytics.com/analytics.js]
[www.googletagservices.com/tag/js/gpt.js]
[static.h-bid.com/gdpr/cmp.stub.js]
[static.h-bid.com/w3schools.com/20180525/snhb-w3schools.min.js]
[www.w3schools.com/html/html_examples.html]
[www.w3schools.com/html/html_intro.html]
[www.w3schools.com/html/html_editors.html]
[www.w3schools.com/html/html_basic.html]
[www.w3schools.com/html/html_elements.html]
[www.w3schools.com/html/html_attributes.html]
[www.w3schools.com/html/html_headings.html]
[www.w3schools.com/html/html_paragraphs.html]
[www.w3schools.com/html/html_styles.html]
[www.w3schools.com/html/html_formatting.html]
[www.w3schools.com/html/html_quotation_elements.html]
[www.w3schools.com/html/html_comments.html]
[www.w3schools.com/html/html_colors.html]
[www.w3schools.com/html/html_css.html]
[www.w3schools.com/html/html_links.html]
[www.w3schools.com/html/html_images.html]
[www.w3schools.com/html/html_tables.html]
[www.w3schools.com/html/html_lists.html]
[www.w3schools.com/html/html_blocks.html]
[www.w3schools.com/html/html_classes.html]
[www.w3schools.com/html/html_id.html]
[www.w3schools.com/html/html_iframe.html]
[www.w3schools.com/html/html_scripts.html]
[www.w3schools.com/html/html_filepaths.html]
[www.w3schools.com/html/html_head.html]
[www.w3schools.com/html/html_layout.html]
[www.w3schools.com/html/html_responsive.html]
[www.w3schools.com/html/html_computercode_elements.html]
[www.w3schools.com/html/html_entities.html]
[www.w3schools.com/html/html_symbols.html]
[www.w3schools.com/html/html_charset.html]
[www.w3schools.com/html/html_urlencode.html]
[www.w3schools.com/html/html_xhtml.html]
[www.w3schools.com/html/html_forms.html]
[www.w3schools.com/html/html_form_elements.html]
[www.w3schools.com/html/html_form_input_types.html]
[www.w3schools.com/html/html_form_attributes.html]
[www.w3schools.com/html/html5_intro.html]
[www.w3schools.com/html/html5_browsers.html]
[www.w3schools.com/html/html5_new_elements.html]
[www.w3schools.com/html/html5_semantic_elements.html]
[www.w3schools.com/html/html5_migration.html]
[www.w3schools.com/html/html5_syntax.html]
[www.w3schools.com/html/html5_canvas.html]
[www.w3schools.com/html/html5_svg.html]
[www.w3schools.com/html/html_googlemaps.html]
[www.w3schools.com/html/html_media.html]
[www.w3schools.com/html/html5_video.html]
[www.w3schools.com/html/html5_audio.html]
[www.w3schools.com/html/html_object.html]
[www.w3schools.com/html/html_youtube.html]
[www.w3schools.com/html/html5_geolocation.html]
[www.w3schools.com/html/html5_draganddrop.html]
[www.w3schools.com/html/html5_webstorage.html]
[www.w3schools.com/html/html5_webworkers.html]
[www.w3schools.com/html/html5_serversentevents.html]
[www.w3schools.com/html/html_quiz.html]
[www.w3schools.com/html/html_exercises.html]
[www.w3schools.com/html/html_exam.html]
[www.w3schools.com/html/html_summary.html]
[www.w3schools.com/html/html_accessibility.html]
[www.w3schools.com/html/tryitfb35.html]
[www.w3schools.com/html/exercise8ec8.html]
[www.w3schools.com/images/w3cert.gif]
[www.w3schools.com/images/colorpicker.gif]
[www.w3schools.com/images/w3schoolscom_gray.gif]
[www.w3schools.com/lib/snigel_w3schools_footer.js]
[translate.google.com/translate_a/element.49a0d8.delayed]
[www.w3schools.com/html/default.html]
[www.w3schools.com/w3css/4/w3.css]
[www.w3schools.com/html/tryit86f8.html]
[www.w3schools.com/html/tryiteebd.html]
[www.w3schools.com/html/tryitb3f8.html]
[www.w3schools.com/html/tryit6dd1.html]
[www.w3schools.com/html/tryita61a.html]
[www.w3schools.com/html/tryitc136.html]
[www.w3schools.com/html/tryit02f9.html]
[www.w3schools.com/html/tryitf524.html]
[www.w3schools.com/html/tryit9089.html]
[www.w3schools.com/html/tryit2a16.html]
[www.w3schools.com/html/tryit0248.html]
[www.w3schools.com/html/tryit37e4.html]
[www.w3schools.com/html/tryit7640.html]
[www.w3schools.com/html/tryitbe80.html]
[www.w3schools.com/html/tryit47e8.html]
[www.w3schools.com/html/tryit34a5.html]
[www.w3schools.com/html/tryitf9c9.html]
[www.w3schools.com/html/tryit7f09.html]
[www.w3schools.com/html/tryit7d53.html]
[www.w3schools.com/html/tryit36b9.html]
[www.w3schools.com/html/tryitb8e5.html]
[www.w3schools.com/html/tryitbed5.html]
[www.w3schools.com/html/tryit0aac.html]
[www.w3schools.com/html/tryit9990.html]
[www.w3schools.com/html/tryit114d.html]
[www.w3schools.com/html/tryit3d6d.html]
[www.w3schools.com/html/tryitb09f.html]
[www.w3schools.com/html/tryit82ae.html]
[www.w3schools.com/html/tryit2a85.html]
[www.w3schools.com/html/tryit4646.html]
[www.w3schools.com/html/tryit7dea.html]
[www.w3schools.com/html/tryited1c.html]
[www.w3schools.com/html/tryit16b4.html]
[www.w3schools.com/html/tryitf9e6.html]
[www.w3schools.com/html/tryit9844.html]
[www.w3schools.com/html/tryit9467.html]
[www.w3schools.com/html/tryit78e9.html]
[www.w3schools.com/html/tryit7b21.html]
[www.w3schools.com/html/tryitd9a6.html]
[www.w3schools.com/html/tryitcb56.html]
[www.w3schools.com/html/tryit4e4b.html]
[www.w3schools.com/html/tryit1a23.html]
[www.w3schools.com/html/tryit0e3d.html]
[www.w3schools.com/html/tryit8e4a.html]
[www.w3schools.com/html/tryit79fa.html]
[www.w3schools.com/html/tryit9dec.html]
[www.w3schools.com/html/tryitf7eb.html]
[www.w3schools.com/html/tryite7b4.html]
[www.w3schools.com/html/tryitb989.html]
[www.w3schools.com/html/tryit7dcc.html]
[www.w3schools.com/html/tryitfb29.html]
[www.w3schools.com/html/tryit97d9.html]
[www.w3schools.com/html/tryit8442.html]
[www.w3schools.com/html/tryit19b0.html]
[www.w3schools.com/html/tryit9728.html]
[www.w3schools.com/html/tryitcbf5.html]
[www.w3schools.com/html/tryite31e.html]
[www.w3schools.com/html/tryit082c.html]
[www.w3schools.com/html/tryit2507.html]
[www.w3schools.com/html/tryit5394.html]
[www.w3schools.com/html/tryit2856.html]
[www.w3schools.com/html/tryitb165.html]
[www.w3schools.com/html/tryit45fc.html]
[www.w3schools.com/html/tryit3864.html]
[www.w3schools.com/html/tryitfba0.html]
[www.w3schools.com/html/tryitd2d6.html]
[www.w3schools.com/html/tryit442e.html]
[www.w3schools.com/html/tryit2ffc.html]
[www.w3schools.com/html/tryit6935.html]
[www.w3schools.com/html/tryit975c.html]
[www.w3schools.com/html/tryit19ca.html]
[www.w3schools.com/html/tryitd52f.html]
[www.w3schools.com/html/tryit212b.html]
[www.w3schools.com/html/tryitb021.html]
[www.w3schools.com/html/tryit991b.html]
[www.w3schools.com/html/tryite923.html]
[www.w3schools.com/html/tryit6722.html]
[www.w3schools.com/html/tryitd67c.html]
[www.w3schools.com/html/tryit928b.html]
[www.w3schools.com/html/tryit046c.html]
[www.w3schools.com/html/tryitf636.html]
[www.w3schools.com/html/tryit7de9.html]
[www.w3schools.com/html/tryitf7e7.html]
[www.w3schools.com/html/tryit5052.html]
[www.w3schools.com/html/tryitb403.html]
[www.w3schools.com/html/tryitaabb.html]
[www.w3schools.com/html/tryit66d3.html]
[www.w3schools.com/html/tryit914a.html]
[www.w3schools.com/html/tryitec91.html]
[www.w3schools.com/html/tryit0721.html]
[www.w3schools.com/html/tryitdc1a.html]
[www.w3schools.com/html/tryitdfb2.html]
[www.w3schools.com/html/tryitaf7e.html]
[www.w3schools.com/html/tryit035c.html]
[www.w3schools.com/html/tryit56b2.html]
[www.w3schools.com/html/tryit678a.html]
[www.w3schools.com/html/tryitfcf7.html]
[www.w3schools.com/html/tryit0e3c.html]
[www.w3schools.com/html/tryit023a.html]
[www.w3schools.com/html/tryit2865.html]
[www.w3schools.com/html/tryit1046.html]
[www.w3schools.com/html/tryitbc1a.html]
[www.w3schools.com/html/tryitbb71.html]
[www.w3schools.com/html/tryit2272.html]
[www.w3schools.com/html/tryitb795.html]
[www.w3schools.com/html/tryita055.html]
[www.w3schools.com/html/tryit4479.html]
[www.w3schools.com/html/tryit38b2.html]
[www.w3schools.com/html/tryit209d.html]
[www.w3schools.com/html/tryit0464.html]
[www.w3schools.com/html/tryit78bc.html]
[www.w3schools.com/html/tryit1fcd.html]
[www.w3schools.com/html/tryitd195.html]
[www.w3schools.com/html/tryitdd49.html]
[www.w3schools.com/html/tryitd02a.html]
[www.w3schools.com/html/tryit794f.html]
[www.w3schools.com/html/tryit89a7.html]
[www.w3schools.com/html/tryitf300.html]
[www.w3schools.com/html/tryit16e1.html]
[www.w3schools.com/html/tryitee99.html]
[www.w3schools.com/html/tryit11ad.html]
[www.w3schools.com/html/tryit4c44.html]
[www.w3schools.com/html/tryit0acf.html]
[www.w3schools.com/html/tryitcbb3.html]
[www.w3schools.com/html/tryit5ade.html]
[www.w3schools.com/html/tryit9ab2.html]
[www.w3schools.com/html/tryit7501.html]
[www.w3schools.com/html/tryit2966.html]
[www.w3schools.com/html/tryit0343.html]
[www.w3schools.com/html/tryit43c5.html]
[www.w3schools.com/html/tryit0896.html]
[www.w3schools.com/html/tryit55a3.html]
[www.w3schools.com/html/tryita3c7.html]
[www.w3schools.com/html/tryit80c0.html]
[www.w3schools.com/html/tryit434d.html]
[www.w3schools.com/html/tryit66ad.html]
[www.w3schools.com/html/tryit1b5a.html]
[www.w3schools.com/html/tryita294.html]
[www.w3schools.com/html/tryitf3a5.html]
[www.w3schools.com/html/tryit5852.html]
[www.w3schools.com/html/tryit1082.html]
[www.w3schools.com/html/tryitcff8.html]
[www.w3schools.com/html/tryit1c32.html]
[www.w3schools.com/html/tryit4436.html]
[www.w3schools.com/html/tryitc4f4.html]
[www.w3schools.com/html/tryitc971.html]
[www.w3schools.com/html/tryitb083.html]
[www.w3schools.com/html/tryit13bd.html]
[www.w3schools.com/html/tryit13d9.html]
[www.w3schools.com/html/tryit0e46.html]
[www.w3schools.com/html/tryit8bdc.html]
[www.w3schools.com/html/tryit8a85.html]
[www.w3schools.com/html/tryitbeba.html]
[www.w3schools.com/html/tryit6096.html]
[www.w3schools.com/html/tryit1312.html]
[www.w3schools.com/html/tryit005b.html]
[www.w3schools.com/html/tryit2510.html]
[www.w3schools.com/html/tryit6025.html]
[www.w3schools.com/html/tryit5141.html]
[www.w3schools.com/html/tryita532.html]
[www.w3schools.com/html/tryite8a3.html]
[www.w3schools.com/html/tryita992.html]
[www.w3schools.com/html/tryitfa07.html]
[www.w3schools.com/html/tryit04de.html]
[www.w3schools.com/html/tryit8960.html]
[www.w3schools.com/html/tryitc3bb.html]
[www.w3schools.com/html/tryitf295.html]
[www.w3schools.com/html/tryit2949.html]
[www.w3schools.com/html/tryitd9c8.html]
[www.w3schools.com/html/tryit28c7.html]
[www.w3schools.com/html/tryit73ef.html]
[www.w3schools.com/html/tryit7b60.html]
[www.w3schools.com/html/tryit7c56.html]
[www.w3schools.com/html/tryit1577.html]
[www.w3schools.com/html/tryita145.html]
[www.w3schools.com/html/tryit339d.html]
[www.w3schools.com/html/tryit0d88.html]
[www.w3schools.com/html/tryitaffe.html]
[www.w3schools.com/html/tryite252.html]
[www.w3schools.com/html/tryitc29f.html]
[www.w3schools.com/html/tryit601f.html]
[www.w3schools.com/html/tryitb14e.html]
[www.w3schools.com/html/tryit4ebe.html]
[www.w3schools.com/html/tryit64dc.html]
[www.w3schools.com/html/tryitf194.html]
[www.w3schools.com/html/tryitd22c.html]
[www.w3schools.com/html/tryitec40.html]
[www.w3schools.com/html/tryit9755.html]
[www.w3schools.com/html/tryitdeac.html]
[www.w3schools.com/html/tryit99c3.html]
[www.w3schools.com/html/tryitabb9.html]
[www.w3schools.com/html/tryitdf3c.html]
[www.w3schools.com/html/tryit4412.html]
[www.w3schools.com/html/tryitb560.html]
[www.w3schools.com/html/tryit3ad8.html]
[www.w3schools.com/html/tryit9978.html]
[www.w3schools.com/html/tryit7edc.html]
[www.w3schools.com/html/tryit2a3b.html]
[www.w3schools.com/html/tryit028e.html]
[www.w3schools.com/html/tryitc8dd.html]
[www.w3schools.com/html/tryit420a.html]
[www.w3schools.com/html/tryit8456.html]
[www.w3schools.com/html/tryit7842.html]
[www.w3schools.com/html/tryit19ba.html]
[www.w3schools.com/html/tryit6329.html]
[www.w3schools.com/html/tryitef87.html]
[www.w3schools.com/html/tryit4090.html]
[www.w3schools.com/html/tryite231.html]
[www.w3schools.com/html/tryit67d4.html]
[www.w3schools.com/html/tryitba72.html]
[www.w3schools.com/html/tryitdf50.html]
[www.w3schools.com/html/tryit681b.html]
[www.w3schools.com/html/tryit01c2.html]
[www.w3schools.com/html/tryiteefb.html]
[www.w3schools.com/html/tryitec4b.html]
[www.w3schools.com/lib/w3schools_footer.js]
[www.w3schools.com/html/html_examples.html]
[www.w3schools.com/html/tryit6a1d.html]
[www.w3schools.com/html/img_chrome.png]
[www.w3schools.com/html/html_intro.html]
[www.w3schools.com/html/img_notepad.png]
[www.w3schools.com/html/img_saveas.png]
[www.w3schools.com/html/html_editors.html]
[www.w3schools.com/html/html_basic.html]
[www.w3schools.com/html/tryit3b68.html]
[www.w3schools.com/html/html_elements.html]
[www.w3schools.com/html/tryit0fab.html]
[www.w3schools.com/html/tryit3511.html]
[www.w3schools.com/html/tryitc66c.html]
[www.w3schools.com/html/tryitace5.html]
[www.w3schools.com/html/tryit98e5.html]
[www.w3schools.com/html/tryitb3cb.html]
[www.w3schools.com/html/exercise1ca2.html]
[www.w3schools.com/html/exercisebf85.html]
[www.w3schools.com/html/exercisea0d4.html]
[www.w3schools.com/html/exercisea044.html]
[www.w3schools.com/html/html_attributes.html]
[www.w3schools.com/html/tryit83bb.html]
[www.w3schools.com/html/exercisebea9.html]
[www.w3schools.com/html/exerciseaac9.html]
[www.w3schools.com/html/exercise4a71.html]
[www.w3schools.com/html/html_headings.html]
[www.w3schools.com/html/exercisedd00.html]
[www.w3schools.com/html/tryit3815.html]
[www.w3schools.com/html/exercise92c3.html]
[www.w3schools.com/html/exercise76d5.html]
[www.w3schools.com/html/exercise137a.html]
[www.w3schools.com/html/html_paragraphs.html]
[www.w3schools.com/html/exercise8bd0.html]
[www.w3schools.com/html/exercise45a2.html]
[www.w3schools.com/html/exercise6c63.html]
[www.w3schools.com/html/exercise2020.html]
[www.w3schools.com/html/exercise86e3.html]
[www.w3schools.com/html/exercisecfe0.html]
[www.w3schools.com/html/exercisec919.html]
[www.w3schools.com/html/html_styles.html]
[www.w3schools.com/html/tryitd88c.html]
[www.w3schools.com/html/exercise2374.html]
[www.w3schools.com/html/exercise7c8b.html]
[www.w3schools.com/html/exercise8ef3.html]
[www.w3schools.com/html/exercise51b0.html]
[www.w3schools.com/html/html_formatting.html]
[www.w3schools.com/html/exercise26ee.html]
[www.w3schools.com/html/tryit81b5.html]
[www.w3schools.com/html/exercise9062.html]
[www.w3schools.com/html/exercise401b.html]
[www.w3schools.com/html/exerciseb1d5.html]
[www.w3schools.com/html/exercise26b3.html]
[www.w3schools.com/html/html_quotation_elements.html]
[www.w3schools.com/html/exercise4045.html]
[www.w3schools.com/html/html_comments.html]
[www.w3schools.com/html/exercisef7bd.html]
[www.w3schools.com/lib/w3color.js]
[www.w3schools.com/html/tryit8c5f.html]
[www.w3schools.com/html/tryit524a.html]
[www.w3schools.com/html/tryita756.html]
[www.w3schools.com/html/tryita7cf.html]
[www.w3schools.com/html/tryite2f3.html]
[www.w3schools.com/html/tryit77a4.html]
[www.w3schools.com/html/tryit5352.html]
[www.w3schools.com/html/tryitb051.html]
[www.w3schools.com/html/tryit3d96.html]
[www.w3schools.com/html/tryit5e5f.html]
[www.w3schools.com/html/tryit4e78.html]
[www.w3schools.com/html/tryit09a1.html]
[www.w3schools.com/html/tryit9174.html]
[www.w3schools.com/html/img_bg_eyeicon.png]
[www.w3schools.com/html/img_bg_transparent.gif]
[www.w3schools.com/html/tryit3916.html]
[www.w3schools.com/html/tryitbaff.html]
[www.w3schools.com/html/html_colors.html]
[www.w3schools.com/html/tryit1245.html]
[www.w3schools.com/html/tryit2791.html]
[www.w3schools.com/html/exercisebae0.html]
[www.w3schools.com/html/exercise9554.html]
[www.w3schools.com/html/exercise624c.html]
[www.w3schools.com/html/exercisee336.html]
[www.w3schools.com/html/exercise91c0.html]
[www.w3schools.com/html/exercise70ad.html]
[www.w3schools.com/html/html_css.html]
[www.w3schools.com/html/tryite836.html]
[www.w3schools.com/html/tryit61d3.html]
[www.w3schools.com/html/tryitea89.html]
[www.w3schools.com/html/tryit8c27.html]
[www.w3schools.com/html/exercise60a3.html]
[www.w3schools.com/html/exercise7de5.html]
[www.w3schools.com/html/exercisead8c.html]
[www.w3schools.com/html/exerciseea1e.html]
[www.w3schools.com/html/html_links.html]
[www.w3schools.com/html/exercisea544.html]
[www.w3schools.com/html/pic_trulli.jpg]
[www.w3schools.com/html/img_girl.jpg]
[www.w3schools.com/html/img_chania.jpg]
[www.w3schools.com/html/tryit5ec9.html]
[www.w3schools.com/html/tryitb432.html]
[www.w3schools.com/html/tryit308e.html]
[www.w3schools.com/html/tryit0aa4.html]
[www.w3schools.com/html/tryit8e07.html]
[www.w3schools.com/html/workplace.jpg]
[www.w3schools.com/html/computer.html]
[www.w3schools.com/html/phone.html]
[www.w3schools.com/html/coffee.html]
[www.w3schools.com/html/tryit8b5b.html]
[www.w3schools.com/html/tryit6bae.html]
[www.w3schools.com/html/tryitaa33.html]
[www.w3schools.com/html/tryitf077.html]
[www.w3schools.com/html/exercise10cd.html]
[www.w3schools.com/html/exercise2182.html]
[www.w3schools.com/html/exercise1735.html]
[www.w3schools.com/html/exercise585e.html]
[www.w3schools.com/html/exercise1e73.html]
[www.w3schools.com/html/html_images.html]
[www.w3schools.com/html/exercise12c3.html]
[www.w3schools.com/html/tryitbc0f.html]
[www.w3schools.com/html/tryit59fb.html]
[www.w3schools.com/html/exercise1175.html]
[www.w3schools.com/html/exercise87e9.html]
[www.w3schools.com/html/exercise779e.html]
[www.w3schools.com/html/exercise7384.html]
[www.w3schools.com/html/exercisea9a0.html]
[www.w3schools.com/html/html_tables.html]
[www.w3schools.com/html/exercise5358.html]
[www.w3schools.com/html/tryit9fe3.html]
[www.w3schools.com/html/exercise95d8.html]
[www.w3schools.com/html/exercise8adc.html]
[www.w3schools.com/html/exerciseef08.html]
[www.w3schools.com/html/exercisec984.html]
[www.w3schools.com/html/exercised330.html]
[www.w3schools.com/html/html_lists.html]
[www.w3schools.com/html/exercise046a.html]
[www.w3schools.com/html/tryit739b.html]
[www.w3schools.com/html/tryitb8de.html]
[www.w3schools.com/html/html_blocks.html]
[www.w3schools.com/html/tryitd886.html]
[www.w3schools.com/html/tryitcfa3.html]
[www.w3schools.com/html/tryited4f.html]
[www.w3schools.com/html/exercise37be.html]
[www.w3schools.com/html/exercise84fb.html]
[www.w3schools.com/html/html_classes.html]
[www.w3schools.com/html/exercisec88d.html]
[www.w3schools.com/html/exercise2f4e.html]
[www.w3schools.com/html/exercise8d7e.html]
[www.w3schools.com/html/html_id.html]
[www.w3schools.com/html/tryitc9a6.html]
[www.w3schools.com/html/tryit4a90.html]
[www.w3schools.com/html/tryitcfb7.html]
[www.w3schools.com/html/tryitc3cc.html]
[www.w3schools.com/html/tryit8818.html]
[www.w3schools.com/html/exercise4151.html]
[www.w3schools.com/html/exercise7f0b.html]
[www.w3schools.com/html/exercisee91e.html]
[www.w3schools.com/html/html_iframe.html]
[www.w3schools.com/html/exerciseeecf.html]
[www.w3schools.com/html/tryitde93.html]
[www.w3schools.com/html/tryit974c.html]
[www.w3schools.com/html/tryit619f.html]
[www.w3schools.com/html/tryitccc1.html]
[www.w3schools.com/html/exercise3127.html]
[www.w3schools.com/html/exercise3a4b.html]
[www.w3schools.com/html/exercise23c3.html]
[www.w3schools.com/html/html_scripts.html]
[www.w3schools.com/html/exercised3b2.html]
[www.w3schools.com/html/tryit8b3d.html]
[www.w3schools.com/html/tryit31a4.html]
[www.w3schools.com/html/tryitf045.html]
[www.w3schools.com/html/tryitc7b3.html]
[www.w3schools.com/html/html_filepaths.html]
[www.w3schools.com/html/example_withoutviewport.html]
[www.w3schools.com/css/img_viewport1.png]
[www.w3schools.com/html/example_withviewport.html]
[www.w3schools.com/css/img_viewport2.png]
[www.w3schools.com/html/html_head.html]
[www.w3schools.com/html/img_sem_elements.gif]
[www.w3schools.com/html/html_layout.html]
[www.w3schools.com/css/img_rwd_desktop.jpg]
[www.w3schools.com/css/img_rwd_tablet.jpg]
[www.w3schools.com/css/img_rwd_phone.jpg]
[www.w3schools.com/html/tryit070e.html]
[www.w3schools.com/html/tryita50d.html]
[www.w3schools.com/html/tryit6552.html]
[www.w3schools.com/html/tryit470b.html]
[www.w3schools.com/html/flowers.jpg]
[www.w3schools.com/html/img_smallflower.jpg]
[www.w3schools.com/html/tryit6c8b.html]
[www.w3schools.com/html/tryit5770.html]
[www.w3schools.com/html/tryit31e1.html]
[www.w3schools.com/html/tryit9bb3.html]
[www.w3schools.com/html/tryit69b9.html]
[www.w3schools.com/html/tryitdbaf.html]
[www.w3schools.com/html/html_responsive.html]
[www.w3schools.com/html/tryit756b.html]
[www.w3schools.com/html/exercisec114.html]
[www.w3schools.com/html/exercisecc4e.html]
[www.w3schools.com/html/html_computercode_elements.html]
[www.w3schools.com/html/html_entities.html]
[www.w3schools.com/html/exercise9913.html]
[www.w3schools.com/html/tryited4a.html]
[www.w3schools.com/html/html_symbols.html]
[www.w3schools.com/html/html_charset.html]
[www.w3schools.com/html/html_urlencode.html]
[www.w3schools.com/html/html_xhtml.html]
[www.w3schools.com/html/tryitfb32.html]
[www.w3schools.com/html/tryit6bc0.html]
[www.w3schools.com/html/tryit362c.html]
[www.w3schools.com/html/exercisecea7.html]
[www.w3schools.com/html/exercise6df5.html]
[www.w3schools.com/html/exercised011.html]
[www.w3schools.com/html/html_forms.html]
[www.w3schools.com/html/exercise40ec.html]
[www.w3schools.com/images/html5_badge20.png]
[www.w3schools.com/html/tryit4324.html]
[www.w3schools.com/html/tryit4c22.html]
[www.w3schools.com/html/tryit4efd.html]
[www.w3schools.com/html/tryita01d.html]
[www.w3schools.com/images/compatible_opera2020.gif]
[www.w3schools.com/images/incompatible_safari2020.gif]
[www.w3schools.com/images/compatible_chrome2020.gif]
[www.w3schools.com/images/compatible_firefox2020.gif]
[www.w3schools.com/images/compatible_edge2020.gif]
[www.w3schools.com/images/compatible_safari2020.gif]
[www.w3schools.com/html/exercise4e41.html]
[www.w3schools.com/html/exercise694e.html]
[www.w3schools.com/html/html_form_elements.html]
[www.w3schools.com/html/exercise4456.html]
[www.w3schools.com/html/tryite8d7.html]
[www.w3schools.com/html/tryite5a1.html]
[www.w3schools.com/html/tryit2274.html]
[www.w3schools.com/images/incompatible_firefox2020.gif]
[www.w3schools.com/images/incompatible_opera2020.gif]
[www.w3schools.com/images/incompatible_chrome2020.gif]
[www.w3schools.com/images/incompatible_edge2020.gif]
[www.w3schools.com/html/exercise6084.html]
[www.w3schools.com/html/exercisecd25.html]
[www.w3schools.com/html/exercise67d7.html]
[www.w3schools.com/html/exercise1665.html]
[www.w3schools.com/html/html_form_input_types.html]
[www.w3schools.com/html/exercisea26f.html]
[www.w3schools.com/html/tryit5b99.html]
[www.w3schools.com/html/tryitd59b.html]
[www.w3schools.com/html/tryitb171.html]
[www.w3schools.com/html/tryitc567.html]
[www.w3schools.com/html/tryit77d2.html]
[www.w3schools.com/html/tryit5fd2.html]
[www.w3schools.com/html/exerciseadf4.html]
[www.w3schools.com/html/exercise3ca2.html]
[www.w3schools.com/html/exercise6399.html]
[www.w3schools.com/html/exercisee311.html]
[www.w3schools.com/html/html_form_attributes.html]
[www.w3schools.com/html/tryitcbf7.html]
[www.w3schools.com/html/html5_intro.html]
[www.w3schools.com/html/tryit21d1.html]
[oss.maxcdn.com/libs/html5shiv/3.7.0/html5shiv.js]
[www.w3schools.com/html/tryitdc1b.html]
[www.w3schools.com/html/html5_browsers.html]
[www.w3schools.com/html/html5_new_elements.html]
[www.w3schools.com/browserref.css]
[www.w3schools.com/html/tryitfe11.html]
[www.w3schools.com/html/tryit66b2.html]
[www.w3schools.com/html/tryit5401.html]
[www.w3schools.com/html/tryit8fd7.html]
[www.w3schools.com/html/tryit0af9.html]
[www.w3schools.com/html/tryited17.html]
[www.w3schools.com/html/tryitf32a.html]
[www.w3schools.com/html/html5_semantic_elements.html]
[www.w3schools.com/html/tryitcbc8.html]
[www.w3schools.com/html/tryit5f09.html]
[www.w3schools.com/html/tryitd694.html]
[www.w3schools.com/html/tryit9839.html]
[www.w3schools.com/html/tryitdfda.html]
[www.w3schools.com/html/tryitd553.html]
[www.w3schools.com/html/tryitd5dd.html]
[www.w3schools.com/html/tryit1099.html]
[www.w3schools.com/html/html5_migration.html]
[www.w3schools.com/html/tryitd2bb.html]
[www.w3schools.com/html/tryitbc26.html]
[www.w3schools.com/html/html5_syntax.html]
[www.w3schools.com/html/tryit1e1a.html]
[www.w3schools.com/html/tryitc5c9.html]
[www.w3schools.com/html/html5_canvas.html]
[www.w3schools.com/html/html5_svg.html]
[www.w3schools.com/html/tryit9d6b.html]
[www.w3schools.com/html/tryit05aa.html]
[www.w3schools.com/html/tryit1f89.html]
[www.w3schools.com/html/tryitfb04.html]
[www.w3schools.com/html/html_googlemaps.html]
[www.w3schools.com/html/pic_video.jpg]
[www.w3schools.com/html/html_media.html]
[www.w3schools.com/html/mov_bbb.mp4]
[www.w3schools.com/html/mov_bbb.ogg]
[www.w3schools.com/html/tryited54.html]
[www.w3schools.com/html/html5_video.html]
[www.w3schools.com/html/html5_audio.html]
[www.w3schools.com/html/tryit68c2.html]
[www.w3schools.com/html/tryit7c9e.html]
[www.w3schools.com/html/tryitde58.html]
[www.w3schools.com/html/tryit4ddb.html]
[www.w3schools.com/html/tryitb966.html]
[www.w3schools.com/html/tryitf824.html]
[www.w3schools.com/html/html_object.html]
[www.w3schools.com/html/tryit2b2d.html]
[www.w3schools.com/html/tryit30b6.html]
[www.w3schools.com/html/tryit91db.html]
[www.w3schools.com/html/tryit403d.html]
[www.w3schools.com/html/tryit2b2b.html]
[www.w3schools.com/html/tryit24e0.html]
[www.w3schools.com/html/html_youtube.html]
[www.w3schools.com/html/html5_geolocation.html]
[www.w3schools.com/html/img_w3slogo.gif]
[www.w3schools.com/html/tryhtml5_draganddrop_ifr.html]
[www.w3schools.com/html/tryit2bae.html]
[www.w3schools.com/html/html5_draganddrop.html]
[www.w3schools.com/html/html5_webstorage.html]
[www.w3schools.com/html/demo_workers.js]
[www.w3schools.com/html/html5_webworkers.html]
[www.w3schools.com/html/html5_serversentevents.html]
[www.w3schools.com/html/html_quiz.html]
[www.w3schools.com/html/html_exercises.html]
[www.w3schools.com/html/exercise.html]
[www.w3schools.com/cert/pic_html_cert_small.gif]
[www.w3schools.com/html/html_exam.html]
[www.w3schools.com/html/html_summary.html]
[www.w3schools.com/html/tryit6047.html]
[www.w3schools.com/html/tryit006f.html]
[www.w3schools.com/html/html_accessibility.html]
[www.w3schools.com/images/w3schools_logo.png]
[www.w3schools.com/lib/codemirror.css]
[www.w3schools.com/lib/codemirror.js]
[www.w3schools.com/images/driveicon.png]
[www.w3schools.com/images/driveicon_32.png]
[apis.google.com/js/clientba50.js]
[www.w3schools.com/html/tryitfb35.html]
[cdnjs.cloudflare.com/ajax/libs/font-awesome/4.4.0/css/font-awesome.min.css]
[www.w3schools.com/w3css/3/w3.css]
[connect.facebook.net/nb_NO/sdk.js]
[www.w3schools.com/html/exercise8ec8.html]
[www.w3schools.com/lib/snigel_w3schools_footer.js]
[translate.google.com/translate_a/elementa0d8.html]
[www.w3schools.com/html/tryit86f8.html]
[www.w3schools.com/html/tryiteebd.html]
[www.w3schools.com/html/tryitb3f8.html]
[www.w3schools.com/html/tryit6dd1.html]
[www.w3schools.com/html/w3schools.jpg]
[www.w3schools.com/html/tryita61a.html]
[www.w3schools.com/html/tryitc136.html]
[www.w3schools.com/html/tryit02f9.html]
[www.w3schools.com/html/tryitf524.html]
[www.w3schools.com/html/tryit9089.html]
[www.w3schools.com/html/tryit2a16.html]
[www.w3schools.com/html/tryit0248.html]
[www.w3schools.com/html/tryit37e4.html]
[www.w3schools.com/html/tryit7640.html]
[www.w3schools.com/html/tryitbe80.html]
[www.w3schools.com/html/tryit47e8.html]
[www.w3schools.com/html/tryit34a5.html]
[www.w3schools.com/html/tryitf9c9.html]
[www.w3schools.com/html/tryit7f09.html]
[www.w3schools.com/html/tryit7d53.html]
[www.w3schools.com/html/tryit36b9.html]
[www.w3schools.com/html/tryitb8e5.html]
[www.w3schools.com/html/tryitbed5.html]
[www.w3schools.com/html/tryit0aac.html]
[www.w3schools.com/html/tryit9990.html]
[www.w3schools.com/html/tryit114d.html]
[www.w3schools.com/html/tryit3d6d.html]
[www.w3schools.com/html/tryitb09f.html]
[www.w3schools.com/html/tryit82ae.html]
[www.w3schools.com/html/tryit2a85.html]
[www.w3schools.com/html/tryit4646.html]
[www.w3schools.com/html/tryit7dea.html]
[www.w3schools.com/html/tryited1c.html]
[www.w3schools.com/html/tryit16b4.html]
[www.w3schools.com/html/tryitf9e6.html]
[www.w3schools.com/html/tryit9844.html]
[www.w3schools.com/html/tryit9467.html]
[www.w3schools.com/html/tryit78e9.html]
[www.w3schools.com/html/tryit7b21.html]
[www.w3schools.com/html/tryitd9a6.html]
[www.w3schools.com/html/tryitcb56.html]
[www.w3schools.com/html/tryit4e4b.html]
[www.w3schools.com/html/tryit1a23.html]
[www.w3schools.com/html/img_the_scream.jpg]
[www.w3schools.com/html/tryit0e3d.html]
[www.w3schools.com/html/tryit8e4a.html]
[www.w3schools.com/html/tryit79fa.html]
[www.w3schools.com/html/tryit9dec.html]
[www.w3schools.com/html/tryitf7eb.html]
[www.w3schools.com/html/tryite7b4.html]
[www.w3schools.com/html/tryitb989.html]
[www.w3schools.com/html/styles.css]
[www.w3schools.com/html/tryit7dcc.html]
[www.w3schools.com/html/tryitfb29.html]
[www.w3schools.com/html/tryit97d9.html]
[www.w3schools.com/html/tryit8442.html]
[www.w3schools.com/html/tryit19b0.html]
[www.w3schools.com/html/tryit9728.html]
[www.w3schools.com/html/tryitcbf5.html]
[www.w3schools.com/html/tryite31e.html]
[www.w3schools.com/html/tryit082c.html]
[www.w3schools.com/html/tryit2507.html]
[www.w3schools.com/html/tryit5394.html]
[www.w3schools.com/html/tryit2856.html]
[www.w3schools.com/html/tryitb165.html]
[www.w3schools.com/html/index.html]
[www.w3schools.com/html/smiley.gif]
[www.w3schools.com/html/tryit45fc.html]
[www.w3schools.com/html/tryit3864.html]
[www.w3schools.com/html/tryitfba0.html]
[www.w3schools.com/html/tryitd2d6.html]
[www.w3schools.com/html/tryit442e.html]
[www.w3schools.com/html/pic_mountain.jpg]
[www.w3schools.com/html/tryit2ffc.html]
[www.w3schools.com/html/tryit6935.html]
[www.w3schools.com/html/tryit975c.html]
[www.w3schools.com/html/html5.gif]
[www.w3schools.com/html/tryit19ca.html]
[www.w3schools.com/images/html5.gif]
[www.w3schools.com/html/tryitd52f.html]
[www.w3schools.com/html/tryit212b.html]
[www.w3schools.com/images/w3schools_green.jpg]
[www.w3schools.com/html/tryitb021.html]
[www.w3schools.com/html/tryit991b.html]
[www.w3schools.com/html/programming.gif]
[www.w3schools.com/html/tryite923.html]
[www.w3schools.com/html/planets.gif]
[www.w3schools.com/html/tryit6722.html]
[www.w3schools.com/html/tryitd67c.html]
[www.w3schools.com/html/tryit928b.html]
[www.w3schools.com/html/tryit046c.html]
[www.w3schools.com/html/tryitf636.html]
[www.w3schools.com/html/tryit7de9.html]
[www.w3schools.com/html/tryitf7e7.html]
[www.w3schools.com/html/tryit5052.html]
[www.w3schools.com/html/tryitb403.html]
[www.w3schools.com/html/tryitaabb.html]
[www.w3schools.com/html/tryit66d3.html]
[www.w3schools.com/html/tryit914a.html]
[www.w3schools.com/html/tryitec91.html]
[www.w3schools.com/html/tryit0721.html]
[www.w3schools.com/html/tryitdc1a.html]
[www.w3schools.com/html/tryitdfb2.html]
[www.w3schools.com/html/tryitaf7e.html]
[www.w3schools.com/html/tryit035c.html]
[www.w3schools.com/html/tryit56b2.html]
[www.w3schools.com/html/tryit678a.html]
[www.w3schools.com/html/tryitfcf7.html]
[www.w3schools.com/html/tryit0e3c.html]
[www.w3schools.com/html/tryit023a.html]
[www.w3schools.com/html/tryit2865.html]
[www.w3schools.com/html/tryit1046.html]
[www.w3schools.com/html/tryitbc1a.html]
[www.w3schools.com/html/tryitbb71.html]
[www.w3schools.com/html/tryit2272.html]
[www.w3schools.com/html/tryitb795.html]
[www.w3schools.com/html/tryita055.html]
[www.w3schools.com/html/tryit4479.html]
[www.w3schools.com/html/tryit38b2.html]
[www.w3schools.com/html/tryit209d.html]
[www.w3schools.com/html/tryit0464.html]
[www.w3schools.com/html/tryit78bc.html]
[www.w3schools.com/html/tryit1fcd.html]
[www.w3schools.com/html/tryitd195.html]
[www.w3schools.com/html/tryitdd49.html]
[www.w3schools.com/html/tryitd02a.html]
[www.w3schools.com/html/tryit794f.html]
[www.w3schools.com/html/tryit89a7.html]
[www.w3schools.com/html/tryitf300.html]
[www.w3schools.com/html/tryit16e1.html]
[www.w3schools.com/html/tryitee99.html]
[www.w3schools.com/html/tryit11ad.html]
[www.w3schools.com/html/tryit4c44.html]
[www.w3schools.com/html/tryit0acf.html]
[www.w3schools.com/html/demo_iframe.html]
[www.w3schools.com/html/tryitcbb3.html]
[www.w3schools.com/html/tryit5ade.html]
[www.w3schools.com/html/tryit9ab2.html]
[www.w3schools.com/html/tryit7501.html]
[www.w3schools.com/html/tryit2966.html]
[www.w3schools.com/html/mystyle.css]
[www.w3schools.com/html/tryit0343.html]
[www.w3schools.com/html/tryit43c5.html]
[www.w3schools.com/html/tryit0896.html]
[www.w3schools.com/html/tryit55a3.html]
[www.w3schools.com/html/tryita3c7.html]
[www.w3schools.com/html/tryit80c0.html]
[www.w3schools.com/html/tryit434d.html]
[www.w3schools.com/html/tryit66ad.html]
[www.w3schools.com/html/tryit1b5a.html]
[www.w3schools.com/html/tryita294.html]
[www.w3schools.com/html/tryitf3a5.html]
[www.w3schools.com/html/tryit5852.html]
[www.w3schools.com/html/tryit1082.html]
[www.w3schools.com/html/tryitcff8.html]
[www.w3schools.com/html/tryit1c32.html]
[www.w3schools.com/html/tryit4436.html]
[www.w3schools.com/html/tryitc4f4.html]
[www.w3schools.com/html/tryitc971.html]
[www.w3schools.com/html/tryitb083.html]
[www.w3schools.com/html/tryit13bd.html]
[www.w3schools.com/html/tryit13d9.html]
[www.w3schools.com/html/tryit0e46.html]
[www.w3schools.com/html/tryit8bdc.html]
[www.w3schools.com/html/tryit8a85.html]
[www.w3schools.com/html/tryitbeba.html]
[www.w3schools.com/html/tryit6096.html]
[www.w3schools.com/html/tryit1312.html]
[www.w3schools.com/html/tryit005b.html]
[www.w3schools.com/html/tryit2510.html]
[www.w3schools.com/html/tryit6025.html]
[www.w3schools.com/html/tryit5141.html]
[www.w3schools.com/html/tryita532.html]
[www.w3schools.com/html/tryite8a3.html]
[www.w3schools.com/html/tryita992.html]
[www.w3schools.com/html/tryitfa07.html]
[www.w3schools.com/html/tryit04de.html]
[www.w3schools.com/html/tryit8960.html]
[www.w3schools.com/html/tryitc3bb.html]
[www.w3schools.com/html/tryitf295.html]
[www.w3schools.com/html/tryit2949.html]
[www.w3schools.com/html/tryitd9c8.html]
[www.w3schools.com/html/tryit28c7.html]
[www.w3schools.com/html/tryit73ef.html]
[www.w3schools.com/html/tryit7b60.html]
[www.w3schools.com/html/tryit7c56.html]
[www.w3schools.com/html/tryit1577.html]
[www.w3schools.com/html/tryita145.html]
[www.w3schools.com/html/tryit339d.html]
[www.w3schools.com/html/tryit0d88.html]
[www.w3schools.com/html/tryitaffe.html]
[www.w3schools.com/html/tryite252.html]
[www.w3schools.com/html/img_submit.gif]
[www.w3schools.com/html/tryitc29f.html]
[www.w3schools.com/html/tryit601f.html]
[www.w3schools.com/html/tryitb14e.html]
[www.w3schools.com/html/tryit4ebe.html]
[www.w3schools.com/html/tryit64dc.html]
[www.w3schools.com/html/tryitf194.html]
[www.w3schools.com/html/tryitd22c.html]
[www.w3schools.com/html/tryitec40.html]
[www.w3schools.com/html/tryit9755.html]
[www.w3schools.com/html/tryitdeac.html]
[www.w3schools.com/html/tryitabb9.html]
[www.w3schools.com/html/tryit99c3.html]
[www.w3schools.com/html/tryitdf3c.html]
[www.w3schools.com/html/tryit4412.html]
[www.w3schools.com/html/tryitb560.html]
[www.w3schools.com/html/tryit3ad8.html]
[www.w3schools.com/html/tryit9978.html]
[www.w3schools.com/html/tryit7edc.html]
[www.w3schools.com/html/tryit2a3b.html]
[www.w3schools.com/html/tryit028e.html]
[www.w3schools.com/html/tryitc8dd.html]
[www.w3schools.com/html/tryit420a.html]
[www.w3schools.com/html/movie.mp4]
[www.w3schools.com/html/movie.ogg]
[www.w3schools.com/html/tryit8456.html]
[www.w3schools.com/html/tryit7842.html]
[www.w3schools.com/html/horse.ogg]
[www.w3schools.com/html/horse.mp3]
[www.w3schools.com/html/tryit19ba.html]
[www.w3schools.com/html/tryit6329.html]
[www.w3schools.com/html/tryitef87.html]
[www.w3schools.com/html/tryit4090.html]
[www.w3schools.com/html/tryite231.html]
[www.w3schools.com/html/tryit67d4.html]
[www.w3schools.com/html/tryitba72.html]
[www.w3schools.com/html/tryitdf50.html]
[www.w3schools.com/html/tryit681b.html]
[www.w3schools.com/html/img_logo.gif]
[www.w3schools.com/html/tryit01c2.html]
[www.w3schools.com/html/tryiteefb.html]
[www.w3schools.com/html/demo_sse.php]
[www.w3schools.com/html/tryitec4b.html]
[www.w3schools.com/lib/w3schools_footer.js]
[www.w3schools.com/html/tryit6a1d.html]
[www.w3schools.com/html/tryit3b68.html]
[www.w3schools.com/html/tryit0fab.html]
[www.w3schools.com/html/tryit3511.html]
[www.w3schools.com/html/tryitc66c.html]
[www.w3schools.com/html/tryitace5.html]
[www.w3schools.com/html/tryit98e5.html]
[www.w3schools.com/html/tryitb3cb.html]
[www.w3schools.com/html/exercise1ca2.html]
[www.w3schools.com/html/exercisebf85.html]
[www.w3schools.com/html/exercisea0d4.html]
[www.w3schools.com/html/exercisea044.html]
[www.w3schools.com/html/tryit83bb.html]
[www.w3schools.com/html/exercisebea9.html]
[www.w3schools.com/html/exerciseaac9.html]
[www.w3schools.com/html/exercise4a71.html]
[www.w3schools.com/html/exercisedd00.html]
[www.w3schools.com/html/tryit3815.html]
[www.w3schools.com/html/exercise92c3.html]
[www.w3schools.com/html/exercise76d5.html]
[www.w3schools.com/html/exercise137a.html]
[www.w3schools.com/html/exercise8bd0.html]
[www.w3schools.com/html/exercise45a2.html]
[www.w3schools.com/html/exercise6c63.html]
[www.w3schools.com/html/exercise2020.html]
[www.w3schools.com/html/exercise86e3.html]
[www.w3schools.com/html/exercisecfe0.html]
[www.w3schools.com/html/exercisec919.html]
[www.w3schools.com/html/tryitd88c.html]
[www.w3schools.com/html/exercise2374.html]
[www.w3schools.com/html/exercise7c8b.html]
[www.w3schools.com/html/exercise8ef3.html]
[www.w3schools.com/html/exercise51b0.html]
[www.w3schools.com/html/exercise26ee.html]
[www.w3schools.com/html/tryit81b5.html]
[www.w3schools.com/html/exercise9062.html]
[www.w3schools.com/html/exercise401b.html]
[www.w3schools.com/html/exerciseb1d5.html]
[www.w3schools.com/html/exercise26b3.html]
[www.w3schools.com/html/exercise4045.html]
[www.w3schools.com/html/exercisef7bd.html]
[www.w3schools.com/lib/w3color.js]
[www.w3schools.com/html/tryit8c5f.html]
[www.w3schools.com/html/tryit524a.html]
[www.w3schools.com/html/tryita756.html]
[www.w3schools.com/html/tryita7cf.html]
[www.w3schools.com/html/tryite2f3.html]
[www.w3schools.com/html/tryit77a4.html]
[www.w3schools.com/html/tryit5352.html]
[www.w3schools.com/html/tryitb051.html]
[www.w3schools.com/html/tryit3d96.html]
[www.w3schools.com/html/tryit5e5f.html]
[www.w3schools.com/html/tryit4e78.html]
[www.w3schools.com/html/tryit09a1.html]
[www.w3schools.com/html/tryit9174.html]
[www.w3schools.com/html/tryit3916.html]
[www.w3schools.com/html/tryitbaff.html]
[www.w3schools.com/html/tryit1245.html]
[www.w3schools.com/html/tryit2791.html]
[www.w3schools.com/html/exercisebae0.html]
[www.w3schools.com/html/exercise9554.html]
[www.w3schools.com/html/exercise624c.html]
[www.w3schools.com/html/exercisee336.html]
[www.w3schools.com/html/exercise91c0.html]
[www.w3schools.com/html/exercise70ad.html]
[www.w3schools.com/html/tryite836.html]
[www.w3schools.com/html/tryit61d3.html]
[www.w3schools.com/html/tryitea89.html]
[www.w3schools.com/html/tryit8c27.html]
[www.w3schools.com/html/exercise60a3.html]
[www.w3schools.com/html/exercise7de5.html]
[www.w3schools.com/html/exercisead8c.html]
[www.w3schools.com/html/exerciseea1e.html]
[www.w3schools.com/html/exercisea544.html]
[www.w3schools.com/html/tryit5ec9.html]
[www.w3schools.com/html/tryitb432.html]
[www.w3schools.com/html/tryit308e.html]
[www.w3schools.com/html/tryit0aa4.html]
[www.w3schools.com/html/tryit8e07.html]
[www.w3schools.com/w3images/mac.jpg]
[www.w3schools.com/html/computer.html]
[www.w3schools.com/w3images/cellphone.jpg]
[www.w3schools.com/html/phone.html]
[www.w3schools.com/w3images/coffeehouse2.jpg]
[www.w3schools.com/html/coffee.html]
[www.w3schools.com/html/tryit8b5b.html]
[www.w3schools.com/html/clouds.jpg]
[www.w3schools.com/html/tryit6bae.html]
[www.w3schools.com/html/tryitaa33.html]
[www.w3schools.com/html/img_pink_flowers.jpg]
[www.w3schools.com/html/img_white_flower.jpg]
[www.w3schools.com/html/img_orange_flowers.jpg]
[www.w3schools.com/html/tryitf077.html]
[www.w3schools.com/html/exercise10cd.html]
[www.w3schools.com/html/exercise2182.html]
[www.w3schools.com/html/exercise1735.html]
[www.w3schools.com/html/exercise585e.html]
[www.w3schools.com/html/exercise1e73.html]
[www.w3schools.com/html/exercise12c3.html]
[www.w3schools.com/html/tryitbc0f.html]
[www.w3schools.com/html/tryit59fb.html]
[www.w3schools.com/html/exercise1175.html]
[www.w3schools.com/html/exercise87e9.html]
[www.w3schools.com/html/exercise779e.html]
[www.w3schools.com/html/exercise7384.html]
[www.w3schools.com/html/exercisea9a0.html]
[www.w3schools.com/html/exercise5358.html]
[www.w3schools.com/html/tryit9fe3.html]
[www.w3schools.com/html/exercise95d8.html]
[www.w3schools.com/html/exercise8adc.html]
[www.w3schools.com/html/exerciseef08.html]
[www.w3schools.com/html/exercisec984.html]
[www.w3schools.com/html/exercised330.html]
[www.w3schools.com/html/exercise046a.html]
[www.w3schools.com/html/tryit739b.html]
[www.w3schools.com/html/tryitb8de.html]
[www.w3schools.com/html/tryitd886.html]
[www.w3schools.com/html/tryitcfa3.html]
[www.w3schools.com/html/tryited4f.html]
[www.w3schools.com/html/exercise37be.html]
[www.w3schools.com/html/exercise84fb.html]
[www.w3schools.com/html/exercisec88d.html]
[www.w3schools.com/html/exercise2f4e.html]
[www.w3schools.com/html/exercise8d7e.html]
[www.w3schools.com/html/tryitc9a6.html]
[www.w3schools.com/html/tryit4a90.html]
[www.w3schools.com/html/tryitcfb7.html]
[www.w3schools.com/html/tryitc3cc.html]
[www.w3schools.com/html/tryit8818.html]
[www.w3schools.com/html/exercise4151.html]
[www.w3schools.com/html/exercise7f0b.html]
[www.w3schools.com/html/exercisee91e.html]
[www.w3schools.com/html/exerciseeecf.html]
[www.w3schools.com/html/tryitde93.html]
[www.w3schools.com/html/tryit974c.html]
[www.w3schools.com/html/tryit619f.html]
[www.w3schools.com/html/pic_bulboff.gif]
[www.w3schools.com/html/pic_bulbon.gif]
[www.w3schools.com/html/tryitccc1.html]
[www.w3schools.com/html/exercise3127.html]
[www.w3schools.com/html/exercise3a4b.html]
[www.w3schools.com/html/exercise23c3.html]
[www.w3schools.com/html/exercised3b2.html]
[www.w3schools.com/images/picture.jpg]
[www.w3schools.com/html/tryit8b3d.html]
[www.w3schools.com/html/tryit31a4.html]
[www.w3schools.com/html/images/picture.jpg]
[www.w3schools.com/html/tryitf045.html]
[www.w3schools.com/html/tryitc7b3.html]
[www.w3schools.com/css/img_chania.jpg]
[www.w3schools.com/html/example_withoutviewport.html]
[www.w3schools.com/html/example_withviewport.html]
[www.w3schools.com/html/img_pulpit.jpg]
[www.w3schools.com/html/tryit070e.html]
[www.w3schools.com/html/tryita50d.html]
[www.w3schools.com/html/tryit6552.html]
[www.w3schools.com/html/tryit470b.html]
[www.w3schools.com/html/img_flowers.jpg]
[www.w3schools.com/html/tryit6c8b.html]
[www.w3schools.com/html/tryit5770.html]
[www.w3schools.com/html/tryit31e1.html]
[www.w3schools.com/html/tryit9bb3.html]
[www.w3schools.com/html/tryit69b9.html]
[maxcdn.bootstrapcdn.com/bootstrap/3.3.7/css/bootstrap.min.css]
[ajax.googleapis.com/ajax/libs/jquery/3.2.0/jquery.min.js]
[maxcdn.bootstrapcdn.com/bootstrap/3.3.7/js/bootstrap.min.js]
[www.w3schools.com/html/tryitdbaf.html]
[www.w3schools.com/html/tryit756b.html]
[www.w3schools.com/html/exercisec114.html]
[www.w3schools.com/html/exercisecc4e.html]
[www.w3schools.com/html/exercise9913.html]
[www.w3schools.com/html/tryited4a.html]
[www.w3schools.com/html/tryitfb32.html]
[www.w3schools.com/html/tryit6bc0.html]
[www.w3schools.com/html/tryit362c.html]
[www.w3schools.com/html/exercisecea7.html]
[www.w3schools.com/html/exercise6df5.html]
[www.w3schools.com/html/exercised011.html]
[www.w3schools.com/html/exercise40ec.html]
[www.w3schools.com/html/tryit4324.html]
[www.w3schools.com/html/tryit4c22.html]
[www.w3schools.com/html/tryit4efd.html]
[www.w3schools.com/html/tryita01d.html]
[www.w3schools.com/html/exercise4e41.html]
[www.w3schools.com/html/exercise694e.html]
[www.w3schools.com/html/exercise4456.html]
[www.w3schools.com/html/tryite8d7.html]
[www.w3schools.com/html/tryite5a1.html]
[www.w3schools.com/html/tryit2274.html]
[www.w3schools.com/html/exercise6084.html]
[www.w3schools.com/html/exercisecd25.html]
[www.w3schools.com/html/exercise67d7.html]
[www.w3schools.com/html/exercise1665.html]
[www.w3schools.com/html/exercisea26f.html]
[www.w3schools.com/html/tryit5b99.html]
[www.w3schools.com/html/tryitd59b.html]
[www.w3schools.com/html/tryitb171.html]
[www.w3schools.com/html/tryitc567.html]
[www.w3schools.com/html/tryit77d2.html]
[www.w3schools.com/html/tryit5fd2.html]
[www.w3schools.com/html/exerciseadf4.html]
[www.w3schools.com/html/exercise3ca2.html]
[www.w3schools.com/html/exercise6399.html]
[www.w3schools.com/html/exercisee311.html]
[www.w3schools.com/html/tryitcbf7.html]
[www.w3schools.com/html/tryit21d1.html]
[www.w3schools.com/html/tryitdc1b.html]
[www.w3schools.com/images/compatible_ie.gif]
[www.w3schools.com/images/compatible_edge.gif]
[www.w3schools.com/images/compatible_firefox.gif]
[www.w3schools.com/images/compatible_chrome.gif]
[www.w3schools.com/images/compatible_safari.gif]
[www.w3schools.com/images/compatible_opera.gif]
[www.w3schools.com/browserref.css]
[www.w3schools.com/html/tryitfe11.html]
[www.w3schools.com/html/tryit66b2.html]
[www.w3schools.com/html/tryit5401.html]
[www.w3schools.com/html/tryit8fd7.html]
[www.w3schools.com/html/tryit0af9.html]
[www.w3schools.com/html/tryited17.html]
[www.w3schools.com/html/tryitf32a.html]
[www.w3schools.com/html/tryitcbc8.html]
[www.w3schools.com/html/tryit5f09.html]
[www.w3schools.com/html/tryitd694.html]
[www.w3schools.com/html/tryit9839.html]
[www.w3schools.com/html/tryitdfda.html]
[www.w3schools.com/html/tryitd553.html]
[www.w3schools.com/html/tryitd5dd.html]
[www.w3schools.com/html/tryit1099.html]
[www.w3schools.com/html/tryitd2bb.html]
[www.w3schools.com/html/tryitbc26.html]
[www.w3schools.com/html/tryit1e1a.html]
[www.w3schools.com/html/tryitc5c9.html]
[www.w3schools.com/html/tryit9d6b.html]
[www.w3schools.com/html/tryit05aa.html]
[www.w3schools.com/html/tryit1f89.html]
[www.w3schools.com/html/tryitfb04.html]
[www.w3schools.com/html/tryited54.html]
[www.w3schools.com/html/bookmark.swf]
[www.w3schools.com/html/tryit68c2.html]
[www.w3schools.com/html/snippet.html]
[www.w3schools.com/html/tryit7c9e.html]
[www.w3schools.com/html/audi.jpg]
[www.w3schools.com/html/tryitde58.html]
[www.w3schools.com/html/tryit4ddb.html]
[www.w3schools.com/html/tryitb966.html]
[www.w3schools.com/html/tryitf824.html]
[www.w3schools.com/html/tryit2b2d.html]
[www.w3schools.com/html/tryit30b6.html]
[www.w3schools.com/html/tryit91db.html]
[www.w3schools.com/html/tryit403d.html]
[www.w3schools.com/html/tryit2b2b.html]
[www.w3schools.com/html/tryit24e0.html]
[www.w3schools.com/html/tryhtml5_draganddrop_ifr.html]
[www.w3schools.com/html/tryit2bae.html]
[www.w3schools.com/html/demo_workers.js]
[www.w3schools.com/html/exercise.html]
[www.w3schools.com/html/tryit6047.html]
[www.w3schools.com/html/tryit006f.html]
[www.w3schools.com/lib/codemirror.css]
[www.w3schools.com/lib/codemirror.js]
[www.w3schools.com/html/POST.html]
[www.w3schools.com/html/GET.html]
[cdnjs.cloudflare.com/ajax/libs/font-awesome/4.4.0/css/font-awesome.min.css]
[www.w3schools.com/w3css/3/w3.css]
[connect.facebook.net/nb_NO/sdk.js]
[www.w3schools.com/html/styles.css]
[www.w3schools.com/html/index.html]
[www.w3schools.com/html/wrongname.html]
[www.w3schools.com/images/sun.gif]
[www.w3schools.com/html/sun.html]
[www.w3schools.com/html/merglobe.gif]
[www.w3schools.com/html/mercur.html]
[www.w3schools.com/images/venglobe.gif]
[www.w3schools.com/html/venus.html]
[www.w3schools.com/html/demo_iframe.html]
[www.w3schools.com/html/mystyle.css]
[www.w3schools.com/html/img_typo.html]
[www.w3schools.com/html/w3schooooools.html]
[maxcdn.bootstrapcdn.com/bootstrap/3.3.7/css/bootstrap.min.css]
[www.w3schools.com/html/snippet.html]
[www.w3schools.com/html/ABCDEFGHIJKLMNOPQRSTUVWXYZabcdefghijklmnopqrstuvwxyz0123456789+/index.html]
[www.w3schools.com/html/^([^_/indexd41d.html]
